[    0.000000] Initializing cgroup subsys cpuset
[    0.000000] Initializing cgroup subsys cpu
[    0.000000] Initializing cgroup subsys cpuacct
[    0.000000] Linux version 4.4.0-210-generic (buildd@lgw01-amd64-009) (gcc version 5.4.0 20160609 (Ubuntu 5.4.0-6ubuntu1~16.04.12) ) #242-Ubuntu SMP Fri Apr 16 09:57:56 UTC 2021 (Ubuntu 4.4.0-210.242-generic 4.4.262)
[    0.000000] Command line: BOOT_IMAGE=/boot/vmlinuz-4.4.0-210-generic root=LABEL=cloudimg-rootfs ro console=tty1 console=ttyS0
[    0.000000] KERNEL supported cpus:
[    0.000000]   Intel GenuineIntel
[    0.000000]   AMD AuthenticAMD
[    0.000000]   Centaur CentaurHauls
[    0.000000] x86/fpu: xstate_offset[2]:  576, xstate_sizes[2]:  256
[    0.000000] x86/fpu: Supporting XSAVE feature 0x01: 'x87 floating point registers'
[    0.000000] x86/fpu: Supporting XSAVE feature 0x02: 'SSE registers'
[    0.000000] x86/fpu: Supporting XSAVE feature 0x04: 'AVX registers'
[    0.000000] x86/fpu: Enabled xstate features 0x7, context size is 832 bytes, using 'standard' format.
[    0.000000] e820: BIOS-provided physical RAM map:
[    0.000000] BIOS-e820: [mem 0x0000000000000000-0x000000000009fbff] usable
[    0.000000] BIOS-e820: [mem 0x000000000009fc00-0x000000000009ffff] reserved
[    0.000000] BIOS-e820: [mem 0x00000000000f0000-0x00000000000fffff] reserved
[    0.000000] BIOS-e820: [mem 0x0000000000100000-0x000000003ffeffff] usable
[    0.000000] BIOS-e820: [mem 0x000000003fff0000-0x000000003fffffff] ACPI data
[    0.000000] BIOS-e820: [mem 0x00000000fec00000-0x00000000fec00fff] reserved
[    0.000000] BIOS-e820: [mem 0x00000000fee00000-0x00000000fee00fff] reserved
[    0.000000] BIOS-e820: [mem 0x00000000fffc0000-0x00000000ffffffff] reserved
[    0.000000] NX (Execute Disable) protection: active
[    0.000000] SMBIOS 2.5 present.
[    0.000000] Hypervisor detected: KVM
[    0.000000] e820: last_pfn = 0x3fff0 max_arch_pfn = 0x400000000
[    0.000000] MTRR: Disabled
[    0.000000] x86/PAT: MTRRs disabled, skipping PAT initialization too.
[    0.000000] CPU MTRRs all blank - virtualized system.
[    0.000000] x86/PAT: Configuration [0-7]: WB  WT  UC- UC  WB  WT  UC- UC  
[    0.000000] found SMP MP-table at [mem 0x0009fff0-0x0009ffff] mapped at [ffff88000009fff0]
[    0.000000] Scanning 1 areas for low memory corruption
[    0.000000] RAMDISK: [mem 0x362dc000-0x37165fff]
[    0.000000] ACPI: Early table checksum verification disabled
[    0.000000] ACPI: RSDP 0x00000000000E0000 000024 (v02 VBOX  )
[    0.000000] ACPI: XSDT 0x000000003FFF0030 00003C (v01 VBOX   VBOXXSDT 00000001 ASL  00000061)
[    0.000000] ACPI: FACP 0x000000003FFF00F0 0000F4 (v04 VBOX   VBOXFACP 00000001 ASL  00000061)
[    0.000000] ACPI: DSDT 0x000000003FFF0470 002325 (v02 VBOX   VBOXBIOS 00000002 INTL 20120111)
[    0.000000] ACPI: FACS 0x000000003FFF0200 000040
[    0.000000] ACPI: FACS 0x000000003FFF0200 000040
[    0.000000] ACPI: APIC 0x000000003FFF0240 00005C (v02 VBOX   VBOXAPIC 00000001 ASL  00000061)
[    0.000000] ACPI: SSDT 0x000000003FFF02A0 0001CC (v01 VBOX   VBOXCPUT 00000002 INTL 20120111)
[    0.000000] No NUMA configuration found
[    0.000000] Faking a node at [mem 0x0000000000000000-0x000000003ffeffff]
[    0.000000] NODE_DATA(0) allocated [mem 0x3ffeb000-0x3ffeffff]
[    0.000000] kvm-clock: Using msrs 4b564d01 and 4b564d00
[    0.000000] kvm-clock: cpu 0, msr 0:3ffe3001, primary cpu clock
[    0.000000] kvm-clock: using sched offset of 3238572074 cycles
[    0.000000] clocksource: kvm-clock: mask: 0xffffffffffffffff max_cycles: 0x1cd42e4dffb, max_idle_ns: 881590591483 ns
[    0.000000] Zone ranges:
[    0.000000]   DMA      [mem 0x0000000000001000-0x0000000000ffffff]
[    0.000000]   DMA32    [mem 0x0000000001000000-0x000000003ffeffff]
[    0.000000]   Normal   empty
[    0.000000]   Device   empty
[    0.000000] Movable zone start for each node
[    0.000000] Early memory node ranges
[    0.000000]   node   0: [mem 0x0000000000001000-0x000000000009efff]
[    0.000000]   node   0: [mem 0x0000000000100000-0x000000003ffeffff]
[    0.000000] Initmem setup node 0 [mem 0x0000000000001000-0x000000003ffeffff]
[    0.000000] ACPI: PM-Timer IO Port: 0x4008
[    0.000000] IOAPIC[0]: apic_id 2, version 32, address 0xfec00000, GSI 0-23
[    0.000000] ACPI: INT_SRC_OVR (bus 0 bus_irq 0 global_irq 2 dfl dfl)
[    0.000000] ACPI: INT_SRC_OVR (bus 0 bus_irq 9 global_irq 9 low level)
[    0.000000] Using ACPI (MADT) for SMP configuration information
[    0.000000] smpboot: Allowing 2 CPUs, 0 hotplug CPUs
[    0.000000] PM: Registered nosave memory: [mem 0x00000000-0x00000fff]
[    0.000000] PM: Registered nosave memory: [mem 0x0009f000-0x0009ffff]
[    0.000000] PM: Registered nosave memory: [mem 0x000a0000-0x000effff]
[    0.000000] PM: Registered nosave memory: [mem 0x000f0000-0x000fffff]
[    0.000000] e820: [mem 0x40000000-0xfebfffff] available for PCI devices
[    0.000000] Booting paravirtualized kernel on KVM
[    0.000000] clocksource: refined-jiffies: mask: 0xffffffff max_cycles: 0xffffffff, max_idle_ns: 7645519600211568 ns
[    0.000000] setup_percpu: NR_CPUS:512 nr_cpumask_bits:512 nr_cpu_ids:2 nr_node_ids:1
[    0.000000] PERCPU: Embedded 33 pages/cpu @ffff88003fc00000 s95192 r8192 d31784 u1048576
[    0.000000] Built 1 zonelists in Node order, mobility grouping on.  Total pages: 257912
[    0.000000] Policy zone: DMA32
[    0.000000] Kernel command line: BOOT_IMAGE=/boot/vmlinuz-4.4.0-210-generic root=LABEL=cloudimg-rootfs ro console=tty1 console=ttyS0
[    0.000000] PID hash table entries: 4096 (order: 3, 32768 bytes)
[    0.000000] Memory: 997792K/1048120K available (8644K kernel code, 1332K rwdata, 4044K rodata, 1492K init, 1164K bss, 50328K reserved, 0K cma-reserved)
[    0.000000] SLUB: HWalign=64, Order=0-3, MinObjects=0, CPUs=2, Nodes=1
[    0.000000] Kernel/User page tables isolation: enabled
[    0.000000] Hierarchical RCU implementation.
[    0.000000] 	Build-time adjustment of leaf fanout to 64.
[    0.000000] 	RCU restricting CPUs from NR_CPUS=512 to nr_cpu_ids=2.
[    0.000000] RCU: Adjusting geometry for rcu_fanout_leaf=64, nr_cpu_ids=2
[    0.000000] NR_IRQS:33024 nr_irqs:440 16
[    0.000000] Console: colour VGA+ 80x25
[    0.000000] console [tty1] enabled
[    0.000000] console [ttyS0] enabled
[    0.000000] tsc: Detected 2304.000 MHz processor
[    0.146541] Calibrating delay loop (skipped) preset value.. 4608.00 BogoMIPS (lpj=9216000)
[    0.148499] pid_max: default: 32768 minimum: 301
[    0.149383] ACPI: Core revision 20150930
[    0.150799] ACPI: 2 ACPI AML tables successfully acquired and loaded
[    0.152169] Security Framework initialized
[    0.152964] Yama: becoming mindful.
[    0.153673] AppArmor: AppArmor initialized
[    0.154636] Dentry cache hash table entries: 131072 (order: 8, 1048576 bytes)
[    0.158068] Inode-cache hash table entries: 65536 (order: 7, 524288 bytes)
[    0.160542] Mount-cache hash table entries: 2048 (order: 2, 16384 bytes)
[    0.162036] Mountpoint-cache hash table entries: 2048 (order: 2, 16384 bytes)
[    0.164514] Initializing cgroup subsys io
[    0.165507] Initializing cgroup subsys memory
[    0.166655] Initializing cgroup subsys devices
[    0.167506] Initializing cgroup subsys freezer
[    0.168348] Initializing cgroup subsys net_cls
[    0.169190] Initializing cgroup subsys perf_event
[    0.170069] Initializing cgroup subsys net_prio
[    0.172005] Initializing cgroup subsys hugetlb
[    0.173167] Initializing cgroup subsys pids
[    0.175009] mce: CPU supports 0 MCE banks
[    0.175820] Last level iTLB entries: 4KB 64, 2MB 8, 4MB 8
[    0.176827] Last level dTLB entries: 4KB 64, 2MB 0, 4MB 0, 1GB 4
[    0.177946] Spectre V1 : Mitigation: usercopy/swapgs barriers and __user pointer sanitization
[    0.179568] Spectre V2 : Mitigation: Full generic retpoline
[    0.181319] Spectre V2 : Spectre v2 / SpectreRSB mitigation: Filling RSB on context switch
[    0.183071] Speculative Store Bypass: Vulnerable
[    0.184086] SRBDS: Unknown: Dependent on hypervisor status
[    0.185292] MDS: Mitigation: Clear CPU buffers
[    0.188215] Freeing SMP alternatives memory: 36K
[    0.193936] ftrace: allocating 32380 entries in 127 pages
[    0.243063] smpboot: APIC(0) Converting physical 0 to logical package 0
[    0.245137] smpboot: Max logical packages: 1
[    0.247392] x2apic enabled
[    0.248548] Switched APIC routing to physical x2apic.
[    0.250517] ..TIMER: vector=0x30 apic1=0 pin1=2 apic2=-1 pin2=-1
[    0.359706] smpboot: CPU0: Intel(R) Core(TM) i9-9880H CPU @ 2.30GHz (family: 0x6, model: 0x9e, stepping: 0xd)
[    0.362431] Performance Events: unsupported p6 CPU model 158 no PMU driver, software events only.
[    0.371410] KVM setup paravirtual spinlock
[    0.373449] x86: Booting SMP configuration:
[    0.374502] .... node  #0, CPUs:      #1
[    0.376383] kvm-clock: cpu 1, msr 0:3ffe3041, secondary cpu clock
[    0.378478] mce: CPU supports 0 MCE banks
[    0.381349] x86: Booted up 1 node, 2 CPUs
[    0.382293] smpboot: Total of 2 processors activated (9216.00 BogoMIPS)
[    0.383896] devtmpfs: initialized
[    0.385940] evm: security.selinux
[    0.386608] evm: security.SMACK64
[    0.387271] evm: security.SMACK64EXEC
[    0.388003] evm: security.SMACK64TRANSMUTE
[    0.388879] evm: security.SMACK64MMAP
[    0.390480] evm: security.ima
[    0.391219] evm: security.capability
[    0.392316] clocksource: jiffies: mask: 0xffffffff max_cycles: 0xffffffff, max_idle_ns: 7645041785100000 ns
[    0.394713] futex hash table entries: 512 (order: 3, 32768 bytes)
[    0.396385] pinctrl core: initialized pinctrl subsystem
[    0.398315] RTC time: 20:21:34, date: 06/17/22
[    0.399670] NET: Registered protocol family 16
[    0.412355] cpuidle: using governor ladder
[    0.425192] cpuidle: using governor menu
[    0.426740] PCCT header not found.
[    0.427883] ACPI: bus type PCI registered
[    0.428854] acpiphp: ACPI Hot Plug PCI Controller Driver version: 0.5
[    0.430799] PCI: Using configuration type 1 for base access
[    0.444877] ACPI: Added _OSI(Module Device)
[    0.446086] ACPI: Added _OSI(Processor Device)
[    0.447214] ACPI: Added _OSI(3.0 _SCP Extensions)
[    0.448574] ACPI: Added _OSI(Processor Aggregator Device)
[    0.450547] ACPI: Executed 1 blocks of module-level executable AML code
[    0.453820] ACPI: Interpreter enabled
[    0.454722] ACPI: (supports S0 S5)
[    0.455648] ACPI: Using IOAPIC for interrupt routing
[    0.457126] PCI: Using host bridge windows from ACPI; if necessary, use "pci=nocrs" and report a bug
[    0.463209] ACPI: PCI Root Bridge [PCI0] (domain 0000 [bus 00-ff])
[    0.465675] acpi PNP0A03:00: _OSC: OS supports [ASPM ClockPM Segments MSI]
[    0.467517] acpi PNP0A03:00: _OSC: not requesting OS control; OS requires [ExtendedConfig ASPM ClockPM MSI]
[    0.469721] acpi PNP0A03:00: fail to add MMCONFIG information, can't access extended PCI configuration space under this bridge.
[    0.472634] PCI host bridge to bus 0000:00
[    0.473792] pci_bus 0000:00: root bus resource [io  0x0000-0x0cf7 window]
[    0.475235] pci_bus 0000:00: root bus resource [io  0x0d00-0xffff window]
[    0.476704] pci_bus 0000:00: root bus resource [mem 0x000a0000-0x000bffff window]
[    0.478868] pci_bus 0000:00: root bus resource [mem 0x40000000-0xfdffffff window]
[    0.480574] pci_bus 0000:00: root bus resource [bus 00-ff]
[    0.483886] pci 0000:00:01.1: legacy IDE quirk: reg 0x10: [io  0x01f0-0x01f7]
[    0.485136] pci 0000:00:01.1: legacy IDE quirk: reg 0x14: [io  0x03f6]
[    0.486711] pci 0000:00:01.1: legacy IDE quirk: reg 0x18: [io  0x0170-0x0177]
[    0.495301] pci 0000:00:01.1: legacy IDE quirk: reg 0x1c: [io  0x0376]
[    0.506435] pci 0000:00:07.0: quirk: [io  0x4000-0x403f] claimed by PIIX4 ACPI
[    0.507906] pci 0000:00:07.0: quirk: [io  0x4100-0x410f] claimed by PIIX4 SMB
[    0.514687] ACPI: PCI Interrupt Link [LNKA] (IRQs 5 9 10 *11)
[    0.516252] ACPI: PCI Interrupt Link [LNKB] (IRQs 5 9 *10 11)
[    0.517647] ACPI: PCI Interrupt Link [LNKC] (IRQs 5 *9 10 11)
[    0.519032] ACPI: PCI Interrupt Link [LNKD] (IRQs 5 9 10 *11)
[    0.520445] ACPI: Enabled 2 GPEs in block 00 to 07
[    0.521816] vgaarb: setting as boot device: PCI:0000:00:02.0
[    0.523804] vgaarb: device added: PCI:0000:00:02.0,decodes=io+mem,owns=io+mem,locks=none
[    0.526313] vgaarb: loaded
[    0.526904] vgaarb: bridge control possible 0000:00:02.0
[    0.528046] SCSI subsystem initialized
[    0.528893] ACPI: bus type USB registered
[    0.530493] usbcore: registered new interface driver usbfs
[    0.532366] usbcore: registered new interface driver hub
[    0.533431] usbcore: registered new device driver usb
[    0.535648] PCI: Using ACPI for IRQ routing
[    0.536741] NetLabel: Initializing
[    0.537434] NetLabel:  domain hash size = 128
[    0.538278] NetLabel:  protocols = UNLABELED CIPSOv4
[    0.539424] NetLabel:  unlabeled traffic allowed by default
[    0.540631] amd_nb: Cannot enumerate AMD northbridges
[    0.541621] clocksource: Switched to clocksource kvm-clock
[    0.548189] AppArmor: AppArmor Filesystem Enabled
[    0.549141] pnp: PnP ACPI init
[    0.550816] pnp: PnP ACPI: found 3 devices
[    0.559000] clocksource: acpi_pm: mask: 0xffffff max_cycles: 0xffffff, max_idle_ns: 2085701024 ns
[    0.561990] NET: Registered protocol family 2
[    0.563461] TCP established hash table entries: 8192 (order: 4, 65536 bytes)
[    0.564922] TCP bind hash table entries: 8192 (order: 5, 131072 bytes)
[    0.566269] TCP: Hash tables configured (established 8192 bind 8192)
[    0.567455] UDP hash table entries: 512 (order: 2, 16384 bytes)
[    0.569071] UDP-Lite hash table entries: 512 (order: 2, 16384 bytes)
[    0.570288] NET: Registered protocol family 1
[    0.571205] pci 0000:00:00.0: Limiting direct PCI/PCI transfers
[    0.572719] pci 0000:00:01.0: Activating ISA DMA hang workarounds
[    0.574183] Unpacking initramfs...
[    0.750538] Freeing initrd memory: 14888K
[    0.751664] clocksource: tsc: mask: 0xffffffffffffffff max_cycles: 0x2135f7c97c8, max_idle_ns: 440795273205 ns
[    0.754056] platform rtc_cmos: registered platform RTC device (no PNP device found)
[    0.755919] Scanning for low memory corruption every 60 seconds
[    0.757630] audit: initializing netlink subsys (disabled)
[    0.758985] audit: type=2000 audit(1655497299.251:1): initialized
[    0.760723] Initialise system trusted keyring
[    0.761792] HugeTLB registered 2 MB page size, pre-allocated 0 pages
[    0.763960] zbud: loaded
[    0.765246] VFS: Disk quotas dquot_6.6.0
[    0.766544] VFS: Dquot-cache hash table entries: 512 (order 0, 4096 bytes)
[    0.768445] squashfs: version 4.0 (2009/01/31) Phillip Lougher
[    0.769784] fuse init (API version 7.23)
[    0.770672] Key type big_key registered
[    0.771452] Allocating IMA MOK and blacklist keyrings.
[    0.773887] Key type asymmetric registered
[    0.775347] Asymmetric key parser 'x509' registered
[    0.776408] Block layer SCSI generic (bsg) driver version 0.4 loaded (major 249)
[    0.778137] io scheduler noop registered
[    0.779341] io scheduler deadline registered (default)
[    0.780361] io scheduler cfq registered
[    0.781241] pci_hotplug: PCI Hot Plug PCI Core version: 0.5
[    0.782512] pciehp: PCI Express Hot Plug Controller Driver version: 0.4
[    0.784028] ACPI: AC Adapter [AC] (off-line)
[    0.784986] input: Power Button as /devices/LNXSYSTM:00/LNXPWRBN:00/input/input0
[    0.786477] ACPI: Power Button [PWRF]
[    0.787259] input: Sleep Button as /devices/LNXSYSTM:00/LNXSLPBN:00/input/input1
[    0.788742] ACPI: Sleep Button [SLPF]
[    0.790137] GHES: HEST is not enabled!
[    0.791457] ACPI: Battery Slot [BAT0] (battery present)
[    0.792956] Serial: 8250/16550 driver, 32 ports, IRQ sharing enabled
[    0.815045] 00:02: ttyS0 at I/O 0x3f8 (irq = 4, base_baud = 115200) is a 16550A
[    0.818851] Linux agpgart interface v0.103
[    0.821083] loop: module loaded
[    0.822359] scsi host0: ata_piix
[    0.823794] scsi host1: ata_piix
[    0.824766] ata1: PATA max UDMA/33 cmd 0x1f0 ctl 0x3f6 bmdma 0xd000 irq 14
[    0.826649] ata2: PATA max UDMA/33 cmd 0x170 ctl 0x376 bmdma 0xd008 irq 15
[    0.828908] libphy: Fixed MDIO Bus: probed
[    0.830187] tun: Universal TUN/TAP device driver, 1.6
[    0.831951] tun: (C) 1999-2004 Max Krasnyansky <maxk@qualcomm.com>
[    0.833702] PPP generic driver version 2.4.2
[    0.835231] ehci_hcd: USB 2.0 'Enhanced' Host Controller (EHCI) Driver
[    0.836993] ehci-pci: EHCI PCI platform driver
[    0.838056] ehci-platform: EHCI generic platform driver
[    0.839471] ohci_hcd: USB 1.1 'Open' Host Controller (OHCI) Driver
[    0.840937] ohci-pci: OHCI PCI platform driver
[    0.841941] ohci-platform: OHCI generic platform driver
[    0.843031] uhci_hcd: USB Universal Host Controller Interface driver
[    0.844412] i8042: PNP: PS/2 Controller [PNP0303:PS2K,PNP0f03:PS2M] at 0x60,0x64 irq 1,12
[    0.848348] serio: i8042 KBD port at 0x60,0x64 irq 1
[    0.849646] serio: i8042 AUX port at 0x60,0x64 irq 12
[    0.851162] mousedev: PS/2 mouse device common for all mice
[    0.852952] input: AT Translated Set 2 keyboard as /devices/platform/i8042/serio0/input/input2
[    0.855231] rtc_cmos rtc_cmos: rtc core: registered rtc_cmos as rtc0
[    0.856708] rtc_cmos rtc_cmos: alarms up to one day, 114 bytes nvram
[    0.858475] i2c /dev entries driver
[    0.859360] device-mapper: uevent: version 1.0.3
[    0.860461] device-mapper: ioctl: 4.34.0-ioctl (2015-10-28) initialised: dm-devel@redhat.com
[    0.862393] ledtrig-cpu: registered to indicate activity on CPUs
[    0.863980] NET: Registered protocol family 10
[    0.865238] NET: Registered protocol family 17
[    0.866571] Key type dns_resolver registered
[    0.868206] registered taskstats version 1
[    0.869052] Loading compiled-in X.509 certificates
[    0.870534] Loaded X.509 cert 'Build time autogenerated kernel key: cf00e047681d67edb2720680708b7d9498083038'
[    0.872907] zswap: loaded using pool lzo/zbud
[    0.875353] Key type trusted registered
[    0.878123] Key type encrypted registered
[    0.878918] AppArmor: AppArmor sha1 policy hashing enabled
[    0.879929] ima: No TPM chip found, activating TPM-bypass!
[    0.881280] ima: Allocated hash algorithm: sha1
[    0.882227] evm: HMAC attrs: 0x1
[    0.883282]   Magic number: 10:223:397
[    0.884047] mem random: hash matches
[    0.884804] rtc_cmos rtc_cmos: setting system clock to 2022-06-17 20:21:35 UTC (1655497295)
[    0.886573] BIOS EDD facility v0.16 2004-Jun-25, 0 devices found
[    0.887810] EDD information not available.
[    1.007962] Freeing unused kernel memory: 1492K
[    1.009748] Write protecting the kernel read-only data: 14336k
[    1.011969] Freeing unused kernel memory: 1584K
[    1.013473] Freeing unused kernel memory: 52K
Loading, please wait...
starting version 229
[    1.025882] random: systemd-udevd: uninitialized urandom read (16 bytes read, 3 bits of entropy available)
[    1.026299] random: udevadm: uninitialized urandom read (16 bytes read, 3 bits of entropy available)
[    1.026313] random: udevadm: uninitialized urandom read (16 bytes read, 3 bits of entropy available)
[    1.032299] random: udevadm: uninitialized urandom read (16 bytes read, 3 bits of entropy available)
[    1.032334] random: udevadm: uninitialized urandom read (16 bytes read, 3 bits of entropy available)
[    1.032437] random: udevadm: uninitialized urandom read (16 bytes read, 3 bits of entropy available)
[    1.032476] random: udevadm: uninitialized urandom read (16 bytes read, 3 bits of entropy available)
[    1.032512] random: udevadm: uninitialized urandom read (16 bytes read, 3 bits of entropy available)
[    1.032550] random: udevadm: uninitialized urandom read (16 bytes read, 3 bits of entropy available)
[    1.032585] random: udevadm: uninitialized urandom read (16 bytes read, 3 bits of entropy available)
[    1.067920] e1000: Intel(R) PRO/1000 Network Driver - version 7.3.21-k8-NAPI
[    1.069799] e1000: Copyright (c) 1999-2006 Intel Corporation.
[    1.073062] Fusion MPT base driver 3.04.20
[    1.073992] Copyright (c) 1999-2008 LSI Corporation
[    1.093363] Fusion MPT SPI Host driver 3.04.20
[    1.096132] AVX2 version of gcm_enc/dec engaged.
[    1.097872] AES CTR mode by8 optimization enabled
[    1.278656] input: ImExPS/2 Generic Explorer Mouse as /devices/platform/i8042/serio1/input/input4
[    1.475299] e1000 0000:00:03.0 eth0: (PCI:33MHz:32-bit) 02:be:82:6b:cc:1d
[    1.477504] e1000 0000:00:03.0 eth0: Intel(R) PRO/1000 Network Connection
[    1.866967] e1000 0000:00:08.0 eth1: (PCI:33MHz:32-bit) 08:00:27:7b:0f:a5
[    1.869277] e1000 0000:00:08.0 eth1: Intel(R) PRO/1000 Network Connection
[    1.872021] mptbase: ioc0: Initiating bringup
[    1.872148] e1000 0000:00:08.0 enp0s8: renamed from eth1
[    1.882831] e1000 0000:00:03.0 enp0s3: renamed from eth0
[    2.470869] ioc0: LSI53C1030 A0: Capabilities={Initiator}
[    4.691202] scsi host2: ioc0: LSI53C1030 A0, FwRev=00000000h, Ports=1, MaxQ=256, IRQ=20
[    7.439942] scsi 2:0:0:0: Direct-Access     VBOX     HARDDISK         1.0  PQ: 0 ANSI: 5
[    7.442995] scsi target2:0:0: Beginning Domain Validation
[    7.445550] scsi target2:0:0: Domain Validation skipping write tests
[    7.447668] scsi target2:0:0: Ending Domain Validation
[    7.449120] scsi target2:0:0: asynchronous
[    7.450785] scsi 2:0:1:0: Direct-Access     VBOX     HARDDISK         1.0  PQ: 0 ANSI: 5
[    7.462775] scsi target2:0:1: Beginning Domain Validation
[    7.466757] scsi target2:0:1: Domain Validation skipping write tests
[    7.468387] scsi target2:0:1: Ending Domain Validation
[    7.469824] scsi target2:0:1: asynchronous
[    7.475363] sd 2:0:0:0: Attached scsi generic sg0 type 0
[    7.476617] sd 2:0:0:0: [sda] 83886080 512-byte logical blocks: (42.9 GB/40.0 GiB)
[    7.478674] sd 2:0:0:0: [sda] Write Protect is off
[    7.479911] sd 2:0:1:0: Attached scsi generic sg1 type 0
[    7.481202] sd 2:0:1:0: [sdb] 20480 512-byte logical blocks: (10.5 MB/10.0 MiB)
[    7.481722] sd 2:0:0:0: [sda] Incomplete mode parameter data
[    7.481723] sd 2:0:0:0: [sda] Assuming drive cache: write through
[    7.482210]  sda: sda1
[    7.482645] sd 2:0:0:0: [sda] Attached SCSI disk
[    7.487764] sd 2:0:1:0: [sdb] Write Protect is off
[    7.489372] sd 2:0:1:0: [sdb] Incomplete mode parameter data
[    7.490789] sd 2:0:1:0: [sdb] Assuming drive cache: write through
[    7.493533] sd 2:0:1:0: [sdb] Attached SCSI disk
Begin: Loading essential drivers ... [    8.761006] md: linear personality registered for level -1
[    8.764592] md: multipath personality registered for level -4
[    8.767642] md: raid0 personality registered for level 0
[    8.771361] md: raid1 personality registered for level 1
[    8.841752] raid6: sse2x1   gen() 11995 MB/s
[    8.909706] raid6: sse2x1   xor()  8313 MB/s
[    8.977700] raid6: sse2x2   gen() 17375 MB/s
[    9.045738] raid6: sse2x2   xor() 11082 MB/s
[    9.113732] raid6: sse2x4   gen() 18848 MB/s
[    9.182022] raid6: sse2x4   xor() 11542 MB/s
[    9.249682] raid6: avx2x1   gen() 24937 MB/s
[    9.317706] raid6: avx2x2   gen() 31930 MB/s
[    9.385706] raid6: avx2x4   gen() 34471 MB/s
[    9.386949] raid6: using algorithm avx2x4 gen() 34471 MB/s
[    9.388090] raid6: using avx2x2 recovery algorithm
[    9.389911] xor: automatically using best checksumming function:
[    9.429758]    avx       : 28333.000 MB/sec
[    9.432756] async_tx: api initialized (async)
[    9.440455] md: raid6 personality registered for level 6
[    9.442012] md: raid5 personality registered for level 5
[    9.443439] md: raid4 personality registered for level 4
[    9.449560] md: raid10 personality registered for level 10
done.
Begin: Running /scripts/init-premount ... done.
Begin: Mounting root file system ... Begin: Running /scripts/local-top ... done.
Begin: Running /scripts/local-premount ... [    9.470679] Btrfs loaded
Scanning for Btrfs filesystems
done.
Warning: fsck not present, so skipping root file system
[    9.489359] EXT4-fs (sda1): mounted filesystem with ordered data mode. Opts: (null)
done.
Begin: Running /scripts/local-bottom ... done.
Begin: Running /scripts/init-bottom ... done.
[    9.537052] systemd[1]: systemd 229 running in system mode. (+PAM +AUDIT +SELINUX +IMA +APPARMOR +SMACK +SYSVINIT +UTMP +LIBCRYPTSETUP +GCRYPT +GNUTLS +ACL +XZ -LZ4 +SECCOMP +BLKID +ELFUTILS +KMOD -IDN)
[    9.540675] systemd[1]: Detected virtualization oracle.
[    9.541678] systemd[1]: Detected architecture x86-64.

Welcome to [1mUbuntu 16.04.7 LTS[0m!

[    9.544510] systemd[1]: Set hostname to <ubuntu>.
[    9.546835] systemd[1]: Initializing machine ID from random generator.
[    9.548096] systemd[1]: Installed transient /etc/machine-id file.
[    9.629731] systemd[1]: Listening on /dev/initctl Compatibility Named Pipe.
[[0;32m  OK  [0m] Listening on /dev/initctl Compatibility Named Pipe.
[    9.633452] systemd[1]: Created slice User and Session Slice.
[[0;32m  OK  [0m] Created slice User and Session Slice.
[    9.635887] systemd[1]: Started Trigger resolvconf update for networkd DNS.
[[0;32m  OK  [0m] Started Trigger resolvconf update for networkd DNS.
[    9.638318] systemd[1]: Listening on Syslog Socket.
[[0;32m  OK  [0m] Listening on Syslog Socket.
[    9.646317] systemd[1]: Reached target Swap.
[[0;32m  OK  [0m] Reached target Swap.
[    9.654803] systemd[1]: Listening on LVM2 metadata daemon socket.
[[0;32m  OK  [0m] Listening on LVM2 metadata daemon socket.
[    9.658717] systemd[1]: Listening on Journal Audit Socket.
[[0;32m  OK  [0m] Listening on Journal Audit Socket.
[    9.661174] systemd[1]: Listening on Journal Socket.
[[0;32m  OK  [0m] Listening on Journal Socket.
[    9.670555] systemd[1]: Set up automount Arbitrary Executable File Formats File System Automount Point.
[[0;32m  OK  [0m] Set up automount Arbitrary Executab...ats File System Automount Point.
[    9.675487] systemd[1]: Listening on udev Control Socket.
[[0;32m  OK  [0m] Listening on udev Control Socket.
[    9.677794] systemd[1]: Reached target User and Group Name Lookups.
[[0;32m  OK  [0m] Reached target User and Group Name Lookups.
[    9.680476] systemd[1]: Listening on Device-mapper event daemon FIFOs.
[[0;32m  OK  [0m] Listening on Device-mapper event daemon FIFOs.
[    9.683205] systemd[1]: Listening on udev Kernel Socket.
[[0;32m  OK  [0m] Listening on udev Kernel Socket.
[    9.686292] systemd[1]: Created slice System Slice.
[[0;32m  OK  [0m] Created slice System Slice.
[    9.702802] systemd[1]: Starting Create list of required static device nodes for the current kernel...
         Starting Create list of required st... nodes for the current kernel...
[    9.714497] systemd[1]: Reached target Slices.
[[0;32m  OK  [0m] Reached target Slices.
[    9.717366] systemd[1]: Mounting Debug File System...
         Mounting Debug File System...
[    9.719900] systemd[1]: Starting Nameserver information manager...
         Starting Nameserver information manager...
[    9.722642] systemd[1]: Mounting Huge Pages File System...
         Mounting Huge Pages File System...
[    9.730676] systemd[1]: Mounting POSIX Message Queue File System...
         Mounting POSIX Message Queue File System...
[    9.733957] systemd[1]: Starting Uncomplicated firewall...
         Starting Uncomplicated firewall...
[    9.743568] systemd[1]: Starting Load Kernel Modules...
         Starting Load Kernel Modules...
[    9.746224] systemd[1]: Created slice system-serial\x2dgetty.slice.
[[0;32m  OK  [0m] Created slice system-serial\x2dgetty.slice.
[    9.749146] systemd[1]: Starting Set console keymap...
         Starting Set console keymap...
[    9.751223] Loading iSCSI transport class v2.0-870.
[    9.751733] systemd[1]: Starting Monitoring of LVM2 mirrors, snapshots etc. using dmeventd or progress polling...
         Starting Monitoring of LVM2 mirrors... dmeventd or progress polling...
[    9.757316] systemd[1]: Listening on LVM2 poll daemon socket.
[[0;32m  OK  [0m] Listening on LVM2 poll daemon socket.
[    9.760070] systemd[1]: Started Forward Password Requests to Wall Directory Watch.
[[0;32m  OK  [0m] Started Forward Password Requests to Wall Directory Watch.
[    9.766008] iscsi: registered transport (tcp)
[    9.767338] systemd[1]: Reached target Encrypted Volumes.
[[0;32m  OK  [0m] Reached target Encrypted Volumes.
[    9.769308] systemd[1]: Listening on Journal Socket (/dev/log).
[[0;32m  OK  [0m] Listening on Journal Socket (/dev/log).
[    9.771946] systemd[1]: Starting Journal Service...
         Starting Journal Service...
[    9.774753] systemd[1]: Reached target System Time Synchronized.
[[0;32m  OK  [0m] Reached target System Time Synchronized.
[    9.777366] systemd[1]: Listening on fsck to fsckd communication Socket.
[[0;32m  OK  [0m] Listening on fsck to fsckd communication Socket.
[    9.781330] systemd[1]: Starting File System Check on Root Device...
         Starting File System Check on Root Device...
[    9.786497] systemd[1]: Mounted Huge Pages File System.
[[0;32m  OK  [0m] Mounted Huge Pages File System.
[    9.788402] systemd[1]: Mounted POSIX Message Queue File System.
[[0;32m  OK  [0m] Mounted POSIX Message Queue File System.
[    9.790910] systemd[1]: Mounted Debug File System.
[[0;32m  OK  [0m] Mounted Debug File System.
[    9.793149] systemd[1]: Started Journal Service.
[[0;32m  OK  [0m] Started Journal Service.
[[0;32m  OK  [0m] Started Create list of required sta...ce nodes for the current kernel.
[[0;32m  OK  [0m] Started Uncomplicated firewall.
[[0;32m  OK  [0m] Started Set console keymap.
[    9.816873] iscsi: registered transport (iser)
[[0;32m  OK  [0m] Started File System Check on Root Device.
[[0;32m  OK  [0m] Started Load Kernel Modules.
[[0;32m  OK  [0m] Started Nameserver information manager.
[[0;32m  OK  [0m] Started File System Check Daemon to report status.
[[0;32m  OK  [0m] Started LVM2 metadata daemon.
         Mounting FUSE Control File System...
         Starting Apply Kernel Variables...
         Starting Remount Root and Kernel File Systems...
         Starting Create Static Device Nodes in /dev...
[[0;32m  OK  [0m] Mounted FUSE Control File System.
[    9.850944] EXT4-fs (sda1): re-mounted. Opts: (null)
[[0;32m  OK  [0m] Started Remount Root and Kernel File Systems.
         Starting udev Coldplug all Devices...
         Starting Load/Save Random Seed...
         Starting Flush Journal to Persistent Storage...
[[0;32m  OK  [0m] Started Apply Kernel Variables.
[[0;32m  OK  [0m] Started Load/Save Random Seed.
[[0;32m  OK  [0m] Started Flush Journal to Persistent Storage.
[[0;32m  OK  [0m] Started Create Static Device Nodes in /dev.
         Starting udev Kernel Device Manager...
[[0;32m  OK  [0m] Started udev Kernel Device Manager.
[[0;32m  OK  [0m] Started Monitoring of LVM2 mirrors,...ng dmeventd or progress polling.
[[0;32m  OK  [0m] Started udev Coldplug all Devices.
[[0;32m  OK  [0m] Started Dispatch Password Requests to Console Directory Watch.
[[0;32m  OK  [0m] Reached target Local File Systems (Pre).
[[0;32m  OK  [0m] Reached target Local File Systems.
         Starting Tell Plymouth To Write Out Runtime Data...
         Starting Create Volatile Files and Directories...
         Starting Set console font and keymap...
         Starting Commit a transient machine-id on disk...
         Starting Initial cloud-init job (pre-networking)...
         Starting LSB: AppArmor initialization...
[[0;32m  OK  [0m] Started Tell Plymouth To Write Out Runtime Data.
[[0;32m  OK  [0m] Started Create Volatile Files and Directories.
         Starting Update UTMP about System Boot/Shutdown...
[[0;32m  OK  [0m] Started Commit a transient machine-id on disk.
[[0;32m  OK  [0m] Started Update UTMP about System Boot/Shutdown.
[[0;32m  OK  [0m] Found device /dev/ttyS0.
[[0;32m  OK  [0m] Listening on Load/Save RF Kill Switch Status /dev/rfkill Watch.
[[0;32m  OK  [0m] Started LSB: AppArmor initialization.
[   10.572211] cloud-init[515]: Cloud-init v. 21.1-19-gbad84ad4-0ubuntu1~16.04.2 running 'init-local' at Fri, 17 Jun 2022 20:21:45 +0000. Up 10.27 seconds.
         Starting Load AppArmor profiles managed internally by snapd...
[[0;32m  OK  [0m] Started Initial cloud-init job (pre-networking).
[[0;32m  OK  [0m] Started Load AppArmor profiles managed internally by snapd.
[[0;32m  OK  [0m] Reached target Network (Pre).
         Starting Raise network interfaces...
[[0;32m  OK  [0m] Started Set console font and keymap.
[[0;32m  OK  [0m] Created slice system-getty.slice.
[[0;32m  OK  [0m] Started Raise network interfaces.
[[0;32m  OK  [0m] Reached target Network.
         Starting Initial cloud-init job (metadata service crawler)...
[   11.559418] cloud-init[969]: Cloud-init v. 21.1-19-gbad84ad4-0ubuntu1~16.04.2 running 'init' at Fri, 17 Jun 2022 20:21:46 +0000. Up 11.22 seconds.
[   11.568308] cloud-init[969]: ci-info: ++++++++++++++++++++++++++++++++++++++Net device info+++++++++++++++++++++++++++++++++++++++
[   11.576366] cloud-init[969]: ci-info: +--------+-------+----------------------------+---------------+--------+-------------------+
[   11.584620] cloud-init[969]: ci-info: | Device |   Up  |          Address           |      Mask     | Scope  |     Hw-Address    |
[   11.593024] [cloud-init[0;32m  OK  [0m[969]: ] ci-info: +--------+-------+----------------------------+---------------+--------+-------------------+Started Initial cloud-init job (metadata service crawler).

[[0;32m  OK  [0m] Reached target System Initialization.
[   11.593790] cloud-init[969]: ci-info: | enp0s3 |  True |         10.0.2.15          | 255.255.255.0 | global | 02:be:82:6b:cc:1d |
[   11.613328] [[0;32m  OK  [0m] Started Ubuntu Advantage update messaging.
         Starting Socket activation for snappy daemon.
[[0;32m  OK  [0m] Listening on D-Bus System Message Bus Socket.
cloud-init[969]: ci-info: | enp0s3 |  True | fe80::be:82ff:fe6b:cc1d/64 |       .       |  link  | 02:be:82:6b:cc:1d |
[   11.624436] cloud-init[969]: ci-info: | enp0s8 | False |             .              |       .       |   .    | 08:00:27:7b:0f:a5 |
[   11.626247] cloud-init[969]: ci-info: |   lo   |  True |         127.0.0.1          |   255.0.0.0   |  host  |         .         |
[   11.641225] cloud-init[969]: ci-info: |   lo   |  True |          ::1/128           |       .       |  host  |         .         |
         Starting LXD - unix socket.
[[0;32m  OK  [0m] Listening on UUID daemon activation socket.
[[0;32m  OK  [0m] Started Daily Cleanup of Temporary Directories.
[   11.646565] cloud-init[969]: ci-info: +--------+-------+----------------------------+---------------+--------+-------------------+
[   11.656299] cloud-init[969]: ci-info: +++++++++++++++++++++++++++Route IPv4 info++++++++++++++++++++++++++++
[   11.665275] cloud-init[969]: ci-info: +-------+-------------+----------+---------------+-----------+-------+
[   11.700487] cloud-init[969]: ci-info: | Route | Destination | Gateway  |    Genmask    | Interface | Flags |
[   11.736198] cloud-init[969]: ci-info: +-------+-------------+----------+---------------+-----------+-------+
[   11.737689] cloud-init[969]: ci-info: |   0   |   0.0.0.0   | 10.0.2.2 |    0.0.0.0    |   enp0s3  |   UG  |
[   11.740133] [[0;32m  OK  [0m] Started ACPI Events Check.
cloud-init[969]: ci-info: |   1   |   10.0.2.0  | 0.0.0.0  | 255.255.255.0 |   enp0s3  |   U   |
[   11.749287] [[0;32m  OK  [0m] Reached target Paths.
[[0;32m  OK  [0m] Started Daily apt download activities.
cloud-init[969]: ci-info: +-------+-------------+----------+---------------+-----------+-------+
[   11.760967] [[0;32m  OK  [0m] Started Message of the Day.
cloud-init[969]: ci-info: +++++++++++++++++++Route IPv6 info+++++++++++++++++++
[   11.769057] [[0;32m  OK  [0m] Listening on ACPID Listen Socket.
[[0;32m  OK  [0m] Started Daily apt upgrade and clean activities.
cloud-init[969]: ci-info: +-------+-------------+---------+-----------+-------+
[   11.776446] [[0;32m  OK  [0m] Reached target Timers.
[[0;32m  OK  [0m] Reached target Network is Online.
cloud-init[969]: ci-info: | Route | Destination | Gateway | Interface | Flags |
[   11.778893] cloud-init[969]: ci-info: +-------+-------------+---------+-----------+-------+
[   11.780420] cloud-init[969]: ci-info: |   0   |  fe80::/64  |    ::   |   enp0s3  |   U   |
         Starting iSCSI initiator daemon (iscsid)...
[[0;32m  OK  [0m] Reached target Cloud-config availability.
[[0;32m  OK  [0m] Listening on Socket activation for snappy daemon.
[[0;32m  OK  [0m] Listening on LXD - unix socket.
[   11.789236] cloud-init[969]: ci-info: |   3   |   ff00::/8  |    ::   |   enp0s3  |   U   |
[   11.802844] cloud-init[969]: ci-info: +-------+-------------+---------+-----------+-------+
[   11.803105] cloud-init[969]: Generating public/private rsa key pair.
[   11.804977] cloud-init[969]: Your identification has been saved in /etc/ssh/ssh_host_rsa_key.
[   11.805402] cloud-init[969]: Your public key has been saved in /etc/ssh/ssh_host_rsa_key.pub.
[   11.805947] cloud-init[969]: The key fingerprint is:
[   11.806605] cloud-init[969]: SHA256:Y60fUzJZh/tW33xAjGGWip0MANhXLrjqYvaUfZldFCk root@ubuntu-xenial
[   11.806832] cloud-init[969]: The key's randomart image is:
[   11.807336] cloud-init[969]: +---[RSA 2048]----+
[   11.807955] cloud-init[969]: |   o...o.  .=.   |
[   11.808614] cloud-init[969]: |  . .....E +o=   |
[   11.809187] cloud-init[969]: |    ... .=.++ +  |
[   11.809894] cloud-init[969]: |     . ...*o +   |
[   11.810507] cloud-init[969]: |    .   S =.o . .|
[   11.811122] cloud-init[969]: |   .o  .+o.+ . +o|
[   11.811734] cloud-init[969]: |  .o . +..o   o =|
[   11.812806] cloud-init[969]: |.+.   .  . o .  .|
[   11.813484] cloud-init[969]: |o.o.      .      |
[   11.813973] cloud-init[969]: +----[SHA256]-----+
[   11.814001] cloud-init[969]: Generating public/private dsa key pair.
[   11.814228] cloud-init[969]: Your identification has been saved in /etc/ssh/ssh_host_dsa_key.
[   11.814839] cloud-init[969]: Your public key has been saved in /etc/ssh/ssh_host_dsa_key.pub.
[   11.815339] cloud-init[969]: The key fingerprint is:
[   11.816590] cloud-init[969]: SHA256:nkEcN25RrdkrYaJB+ZEGTRKflP9lhGZOmv5GqO5nn+Q root@ubuntu-xenial
[   11.817190] cloud-init[969]: The key's randomart image is:
[   11.817796] cloud-init[969]: +---[DSA 1024]----+
[   11.818412] cloud-init[969]: |        =**+.. . |
[   11.819021] cloud-init[969]: |       .oB*+  * .|
[   11.819644] cloud-init[969]: |       .oo=o @ . |
[   11.820884] cloud-init[969]: |       ...o O o o|
[   11.821487] cloud-init[969]: |        So + + + |
[   11.822102] cloud-init[969]: |       ..o  + +  |
[   11.822714] cloud-init[969]: |        o  . +.  |
[   11.823325] cloud-init[969]: |          . ooo. |
[   11.823533] cloud-init[969]: |         ooo oE  |
[   11.823758] cloud-init[969]: +----[SHA256]-----+
[   11.823999] cloud-init[969]: Generating public/private ecdsa key pair.
[   11.824689] cloud-init[969]: Your identification has been saved in /etc/ssh/ssh_host_ecdsa_key.
[   11.825280] cloud-init[969]: Your public key has been saved in /etc/ssh/ssh_host_ecdsa_key.pub.
[   11.826159] cloud-init[969]: The key fingerprint is:
[   11.826743] cloud-init[969]: SHA256:v9QRjyfeA8XnU/pnSbKtHddhrFmy/FXWMpOXNU00kDI root@ubuntu-xenial
[   11.827336] cloud-init[969]: The key's randomart image is:
[   11.827923] cloud-init[969]: +---[ECDSA 256]---+
[   11.828532] cloud-init[969]: |             .ooo|
[   11.829106] cloud-init[969]: |           E o .o|
[   11.829697] cloud-init[969]: |            + o.=|
[   11.830280] cloud-init[969]: |             =.=*|
[   11.830865] cloud-init[969]: |        S   =oOO*|
[   11.831446] cloud-init[969]: |         . o.*%B*|
[   11.832449] cloud-init[969]: |          o o*o+B|
[   11.832987] cloud-init[969]: |         . .  +o=|
[   11.833574] cloud-init[969]: |          .  . o |
[   11.834155] cloud-init[969]: +----[SHA256]-----+
[   11.834553] cloud-init[969]: Generating public/private ed25519 key pair.
[   11.834998] cloud-init[969]: Your identification has been saved in /etc/ssh/ssh_host_ed25519_key.
[   11.835569] cloud-init[969]: Your public key has been saved in /etc/ssh/ssh_host_ed25519_key.pub.
[   11.836607] cloud-init[969]: The key fingerprint is:
[   11.837156] cloud-init[969]: SHA256:3UcQhfpCtub76AAagFCXTwFo5wptL3s8c9Ih8O3uo44 root@ubuntu-xenial
[   11.837713] cloud-init[969]: The key's randomart image is:
[   11.838264] cloud-init[969]: +--[ED25519 256]--+
[   11.838817] cloud-init[969]: |....oo..    o+.  |
[   11.839376] cloud-init[969]: |..o.o .     ..   |
[   11.840140] cloud-init[969]: |.o.o o     .  .  |
[   11.840774] cloud-init[969]: |. +.. .  .+. .   |
[   11.841354] cloud-init[969]: | o =... So.o. .  |
[   11.842714] cloud-init[969]: |  o +oo.  + ..   |
[   11.843190] cloud-init[969]: |   +.+ ..o .     |
[[0;32m  OK  [0m] Reached target Sockets.
[[0;32m  OK  [0m] Reached target Basic System.
         Starting Virtualbox guest utils...
[[0;32m  OK  [0m] Started FUSE filesystem for LXC.
[[0;32m  OK  [0m] Started Deferred execution scheduler.
[   11.843876] cloud-init[969]:          Starting Pollinate to seed the pseudo random number generator...
[[0;32m  OK  [0m] Started D-Bus System Message Bus.
|  ..* =  ...     |
[   11.870609] cloud-init[969]: |  EooOo. .+o.    |
[   11.872251] cloud-init[969]: +----[SHA256]-----+
         Starting System Logging Service...
[[0;32m  OK  [0m] Started ACPI event daemon.
[[0;32m  OK  [0m] Started Regular background program processing daemon.
         Starting LSB: MD monitoring daemon...
         Starting Accounts Service...
         Starting LSB: Record successful boot for GRUB...
         Starting /etc/rc.local Compatibility...
         Starting LXD - container startup/shutdown...
         Starting Login Service...
         Starting Snap Daemon...
[[0;32m  OK  [0m] Started System Logging Service.
[[0;32m  OK  [0m] Started iSCSI initiator daemon (iscsid).
[[0;32m  OK  [0m] Started /etc/rc.local Compatibility.
         Starting Login to default iSCSI targets...
[[0;32m  OK  [0m] Started Login Service.
[[0;32m  OK  [0m] Started Unattended Upgrades Shutdown.
[[0;32m  OK  [0m] Started LSB: MD monitoring daemon.
[[0;32m  OK  [0m] Started LSB: Record successful boot for GRUB.
[[0;32m  OK  [0m] Started Login to default iSCSI targets.
[[0;32m  OK  [0m] Reached target Remote File Systems (Pre).
[[0;32m  OK  [0m] Reached target Remote File Systems.
         Starting LSB: automatic crash report generation...
         Starting LSB: Set the CPU Frequency Scaling governor to "ondemand"...
         Starting LSB: daemon to balance interrupts for SMP systems...
         Starting Permit User Sessions...
[[0;32m  OK  [0m] Started Permit User Sessions.
         Starting Hold until boot process finishes up...
         Starting Terminate Plymouth Boot Screen...
[[0;32m  OK  [0m] Started Hold until boot process finishes up.
[[0;32m  OK  [0m] Started Terminate Plymouth Boot Screen.
[[0;32m  OK  [0m] Started LXD - container startup/shutdown.
         Starting Authenticate and Authorize Users to Run Privileged Tasks...
[[0;32m  OK  [0m] Started Getty on tty1.
[[0;32m  OK  [0m] Started Serial Getty on ttyS0.
[[0;32m  OK  [0m] Reached target Login Prompts.
         Starting Set console scheme...
[[0;32m  OK  [0m] Started LSB: automatic crash report generation.
[[0;32m  OK  [0m] Started LSB: Set the CPU Frequency Scaling governor to "ondemand".
[[0;32m  OK  [0m] Started LSB: daemon to balance interrupts for SMP systems.
[[0;32m  OK  [0m] Started Set console scheme.
[[0;32m  OK  [0m] Started Virtualbox guest utils.
[[0;32m  OK  [0m] Started Authenticate and Authorize Users to Run Privileged Tasks.
[[0;32m  OK  [0m] Started Accounts Service.
[[0;32m  OK  [0m] Started Snap Daemon.
         Starting Wait until snapd is fully seeded...
[[0;32m  OK  [0m] Started Pollinate to seed the pseudo random number generator.
         Starting OpenBSD Secure Shell server...
[[0;32m  OK  [0m] Started OpenBSD Secure Shell server.
[[0;32m  OK  [0m] Created slice User Slice of vagrant.
         Starting User Manager for UID 1000...
[[0;32m  OK  [0m] Started Session 1 of user vagrant.
[[0;32m  OK  [0m] Started User Manager for UID 1000.
[[0;32m  OK  [0m] Started Wait until snapd is fully seeded.
[[0;32m  OK  [0m] Reached target Multi-User System.
[[0;32m  OK  [0m] Reached target Graphical Interface.
         Starting Update UTMP about System Runlevel Changes...
         Starting Apply the settings specified in cloud-config...
[[0;32m  OK  [0m] Started Update UTMP about System Runlevel Changes.
         Stopping User Manager for UID 1000...
[[0;32m  OK  [0m] Created slice User Slice of vagrant.
         Starting User Manager for UID 1000...
[[0;32m  OK  [0m] Started Session 2 of user vagrant.
[[0;32m  OK  [0m] Started User Manager for UID 1000.
[   14.035086] cloud-init[1528]: Generating locales (this might take a while)...
[   14.557821] cloud-init[1528]:   en_US.UTF-8... done
[   14.564344] cloud-init[1528]: Generation complete.
[   14.735957] cloud-init[1528]: Cloud-init v. 21.1-19-gbad84ad4-0ubuntu1~16.04.2 running 'modules:config' at Fri, 17 Jun 2022 20:21:48 +0000. Up 13.96 seconds.
[[0;32m  OK  [0m] Started Apply the settings specified in cloud-config.
         Starting Execute cloud user/final scripts...
         Starting Hostname Service...
[[0;32m  OK  [0m] Started Hostname Service.
[[0;32m  OK  [0m] Stopped ifup for enp0s3.
[[0;32m  OK  [0m] Started ifup for enp0s3.
[[0;32m  OK  [0m] Stopped ifup for enp0s8.
[[0;32m  OK  [0m] Started ifup for enp0s8.
ci-info: no authorized SSH keys fingerprints found for user ubuntu.
<14>Jun 17 20:21:49 ec2: 
<14>Jun 17 20:21:49 ec2: #############################################################
<14>Jun 17 20:21:49 ec2: -----BEGIN SSH HOST KEY FINGERPRINTS-----
<14>Jun 17 20:21:49 ec2: 1024 SHA256:nkEcN25RrdkrYaJB+ZEGTRKflP9lhGZOmv5GqO5nn+Q root@ubuntu-xenial (DSA)
<14>Jun 17 20:21:49 ec2: 256 SHA256:v9QRjyfeA8XnU/pnSbKtHddhrFmy/FXWMpOXNU00kDI root@ubuntu-xenial (ECDSA)
<14>Jun 17 20:21:49 ec2: 256 SHA256:3UcQhfpCtub76AAagFCXTwFo5wptL3s8c9Ih8O3uo44 root@ubuntu-xenial (ED25519)
<14>Jun 17 20:21:49 ec2: 2048 SHA256:Y60fUzJZh/tW33xAjGGWip0MANhXLrjqYvaUfZldFCk root@ubuntu-xenial (RSA)
<14>Jun 17 20:21:49 ec2: -----END SSH HOST KEY FINGERPRINTS-----
<14>Jun 17 20:21:49 ec2: #############################################################
-----BEGIN SSH HOST KEY KEYS-----
ecdsa-sha2-nistp256 AAAAE2VjZHNhLXNoYTItbmlzdHAyNTYAAAAIbmlzdHAyNTYAAABBBGYhH4vIV3emXTpKgQ0HVm0vrNLPUbbnPh3B5qFeYl9BC6UaC9ugr7aTmWD2aO+PezjHDekAAqRizcaCd0oqrno= root@ubuntu-xenial
ssh-ed25519 AAAAC3NzaC1lZDI1NTE5AAAAIN2lqhdz69AAVZOVN7aBNYvthqe0ihIq3fGHilxuTHK3 root@ubuntu-xenial
ssh-rsa AAAAB3NzaC1yc2EAAAADAQABAAABAQDDgh5lIJPizecX34qOk0t5OLjyLrlqVVEvwC11ulIz7cWhUfy9+mEr7aQbVWhAJ5gMq4GbSSye/pJoNXf5TbeHRDJNB4QNpSKC6uwpGa3THfd6IdhKZsnQI0qmrsRmCC1LwmiRUFANn3akTz4MYj1E4AANzzlEUMwDkMt8QOICEoQp9qrY7vLg51y1UIighJWroV1xKphfewd7eJIRO8/Xh/wWOzBEGrU2Q+/NfOD9qR7WxGbCUPitCY8G8fYxxz4vH4IDdRAPX1/9EsvIqzeAdgAxZH2i1C962UGZBvjMfaCmutWSMlG1ydw0Y5S0wI5Zy8Xbh1SpcPk4/OnVICJn root@ubuntu-xenial
-----END SSH HOST KEY KEYS-----
[   15.138712] cloud-init[1637]: Cloud-init v. 21.1-19-gbad84ad4-0ubuntu1~16.04.2 running 'modules:final' at Fri, 17 Jun 2022 20:21:49 +0000. Up 15.00 seconds.
[   15.141718] cloud-init[1637]: ci-info: no authorized SSH keys fingerprints found for user ubuntu.
[   15.143651] cloud-init[1637]: Cloud-init v. 21.1-19-gbad84ad4-0ubuntu1~16.04.2 finished at Fri, 17 Jun 2022 20:21:49 +0000. Datasource DataSourceNoCloud [seed=/dev/sdb][dsmode=net].  Up 15.13 seconds
[[0;32m  OK  [0m] Started Execute cloud user/final scripts.
[[0;32m  OK  [0m] Reached target Cloud-init target.

Ubuntu 16.04.7 LTS web01 ttyS0

web01 login: 